2026-10-05 16:26:59.671: [INFO] CurrentProfilePath: C:\Users\ADMIN\Desktop\e2e_tracking_services_frontend\.server-audit\reference-theme\browser\Default
2026-10-05 16:26:59.671: [INFO] Profiles total count: 1
2026-10-05 16:26:59.671: [INFO] Profile: name=Profile 1 path=C:\Users\ADMIN\Desktop\e2e_tracking_services_frontend\.server-audit\reference-theme\browser\Default lastActive=2026-10-05T16:25:13.242Z
2026-10-05 16:26:59.671: [INFO] LastUsedProfileDir: C:\Users\ADMIN\Desktop\e2e_tracking_services_frontend\.server-audit\reference-theme\browser\Default
2026-10-05 16:26:59.671: [INFO] MostRecentlyActiveProfile: name=Profile 1 path=C:\Users\ADMIN\Desktop\e2e_tracking_services_frontend\.server-audit\reference-theme\browser\Default lastActive=2026-10-05T16:25:13.242Z
2026-10-05 16:26:59.671: [INFO] VisibilityChanged: 0
2026-10-05 16:26:59.737: [INFO] OnDoneLoading sync enabled: 0
2026-10-05 16:26:59.737: [INFO] BookmarkModelLoaded, ids_reassigned: 0
2026-10-05 16:26:59.737: [INFO] BookmarksLoadDropped droppedNodes=0
2026-10-05 16:26:59.737: [INFO] BookmarksSnapshot Startup total=0 bar=0 other=0 mobile=0 showBar=0 showBarNTP=1
2026-10-05 16:27:09.636: [INFO] RecordSyncInitDuration has_sync_been_enabled: 0 state: 3
2026-10-05 16:27:09.658: [INFO] RecordSyncInitDuration has_sync_been_enabled: 0 state: 3
2026-10-05 16:27:09.663: [INFO] RecordSyncInitDuration has_sync_been_enabled: 0 state: 3
2026-10-05 16:27:09.668: [INFO] RecordSyncInitDuration has_sync_been_enabled: 0 state: 5
2026-10-05 16:27:09.674: [INFO] RecordSyncInitDuration has_sync_been_enabled: 0 state: 5
2026-10-05 16:27:09.684: [INFO] RecordSyncInitDuration has_sync_been_enabled: 0 state: 6
2026-10-05 16:27:09.691: [INFO] RecordSyncInitDuration has_sync_been_enabled: 0 state: 6
2026-10-05 16:27:09.914: [INFO] RecordSyncInitDuration has_sync_been_enabled: 0 state: 6
2026-10-05 16:27:10.012: [INFO] RecordSyncInitDuration has_sync_been_enabled: 0 state: 6
2026-10-05 16:29:33.060: [INFO] CurrentProfilePath: C:\Users\ADMIN\Desktop\e2e_tracking_services_frontend\.server-audit\reference-theme\browser\Default
2026-10-05 16:29:33.060: [INFO] Profiles total count: 1
2026-10-05 16:29:33.060: [INFO] Profile: name=Profile 1 path=C:\Users\ADMIN\Desktop\e2e_tracking_services_frontend\.server-audit\reference-theme\browser\Default lastActive=2026-10-05T16:26:59.693Z
2026-10-05 16:29:33.060: [INFO] LastUsedProfileDir: C:\Users\ADMIN\Desktop\e2e_tracking_services_frontend\.server-audit\reference-theme\browser\Default
2026-10-05 16:29:33.060: [INFO] MostRecentlyActiveProfile: name=Profile 1 path=C:\Users\ADMIN\Desktop\e2e_tracking_services_frontend\.server-audit\reference-theme\browser\Default lastActive=2026-10-05T16:26:59.693Z
2026-10-05 16:29:33.060: [INFO] VisibilityChanged: 0
2026-10-05 16:29:33.140: [INFO] OnDoneLoading sync enabled: 0
2026-10-05 16:29:33.141: [INFO] BookmarkModelLoaded, ids_reassigned: 0
2026-10-05 16:29:33.141: [INFO] BookmarksLoadDropped droppedNodes=0
2026-10-05 16:29:33.141: [INFO] BookmarksSnapshot Startup total=0 bar=0 other=0 mobile=0 showBar=0 showBarNTP=1
2026-10-05 16:29:42.838: [INFO] RecordSyncInitDuration has_sync_been_enabled: 0 state: 3
2026-10-05 16:29:43.042: [INFO] RecordSyncInitDuration has_sync_been_enabled: 0 state: 3
2026-10-05 16:29:43.061: [INFO] RecordSyncInitDuration has_sync_been_enabled: 0 state: 3
2026-10-05 16:29:43.065: [INFO] RecordSyncInitDuration has_sync_been_enabled: 0 state: 5
2026-10-05 16:29:43.072: [INFO] RecordSyncInitDuration has_sync_been_enabled: 0 state: 5
2026-10-05 16:29:43.079: [INFO] RecordSyncInitDuration has_sync_been_enabled: 0 state: 6
2026-10-05 16:29:43.084: [INFO] RecordSyncInitDuration has_sync_been_enabled: 0 state: 6
2026-10-05 16:29:43.458: [INFO] RecordSyncInitDuration has_sync_been_enabled: 0 state: 6
2026-10-05 16:29:43.528: [INFO] RecordSyncInitDuration has_sync_been_enabled: 0 state: 6
2026-10-05 16:29:55.802: [INFO] RecordSyncInitDuration has_sync_been_enabled: 0 state: 6
2026-10-05 16:30:41.708: [INFO] CurrentProfilePath: C:\Users\ADMIN\Desktop\e2e_tracking_services_frontend\.server-audit\reference-theme\browser\Default
2026-10-05 16:30:41.708: [INFO] Profiles total count: 1
2026-10-05 16:30:41.708: [INFO] Profile: name=Profile 1 path=C:\Users\ADMIN\Desktop\e2e_tracking_services_frontend\.server-audit\reference-theme\browser\Default lastActive=2026-10-05T16:29:33.086Z
2026-10-05 16:30:41.708: [INFO] LastUsedProfileDir: C:\Users\ADMIN\Desktop\e2e_tracking_services_frontend\.server-audit\reference-theme\browser\Default
2026-10-05 16:30:41.708: [INFO] MostRecentlyActiveProfile: name=Profile 1 path=C:\Users\ADMIN\Desktop\e2e_tracking_services_frontend\.server-audit\reference-theme\browser\Default lastActive=2026-10-05T16:29:33.086Z
2026-10-05 16:30:41.708: [INFO] VisibilityChanged: 0
2026-10-05 16:30:41.782: [INFO] OnDoneLoading sync enabled: 0
2026-10-05 16:30:41.782: [INFO] BookmarkModelLoaded, ids_reassigned: 0
2026-10-05 16:30:41.782: [INFO] BookmarksLoadDropped droppedNodes=0
2026-10-05 16:30:41.782: [INFO] BookmarksSnapshot Startup total=0 bar=0 other=0 mobile=0 showBar=0 showBarNTP=1
2026-10-05 16:30:51.543: [INFO] RecordSyncInitDuration has_sync_been_enabled: 0 state: 3
2026-10-05 16:30:51.548: [INFO] RecordSyncInitDuration has_sync_been_enabled: 0 state: 3
2026-10-05 16:30:51.553: [INFO] RecordSyncInitDuration has_sync_been_enabled: 0 state: 5
2026-10-05 16:30:51.559: [INFO] RecordSyncInitDuration has_sync_been_enabled: 0 state: 5
2026-10-05 16:30:51.565: [INFO] RecordSyncInitDuration has_sync_been_enabled: 0 state: 5
2026-10-05 16:30:51.587: [INFO] RecordSyncInitDuration has_sync_been_enabled: 0 state: 6
2026-10-05 16:30:51.592: [INFO] RecordSyncInitDuration has_sync_been_enabled: 0 state: 6
2026-10-05 16:30:51.971: [INFO] RecordSyncInitDuration has_sync_been_enabled: 0 state: 6
2026-10-05 16:30:52.045: [INFO] RecordSyncInitDuration has_sync_been_enabled: 0 state: 6
